[19:35:12] [Client thread/INFO]: Setting user: lunerva
[19:35:12] [Client thread/INFO]: (Session ID is token::)
[19:35:14] [Client thread/INFO]: LWJGL Version: 2.9.4
[19:35:14] [Client thread/INFO]: Reloading ResourceManager: Default
[19:35:21] [Sound Library Loader/INFO]: Starting up SoundSystem...
[19:35:22] [Thread-5/INFO]: Initializing LWJGL OpenAL
[19:35:22] [Thread-5/INFO]: (The LWJGL binding of OpenAL.  For more information, see http://www.lwjgl.org)
[19:35:22] [Thread-5/INFO]: OpenAL initialized.
[19:35:22] [Sound Library Loader/INFO]: Sound engine started
[19:35:23] [Client thread/INFO]: Created: 1024x512 textures-atlas
[19:35:32] [Server thread/INFO]: Starting integrated minecraft server version 1.9
[19:35:32] [Server thread/INFO]: Generating keypair
[19:35:32] [Server thread/INFO]: Preparing start region for level 0
[19:35:33] [Server thread/INFO]: Preparing spawn area: 45%
[19:35:34] [Server thread/INFO]: Changing view distance to 12, from 10
[19:35:34] [Server thread/INFO]: lunerva[local:E:939d3ee8] logged in with entity id 473 at (174.41592717032745, 65.0, 117.69602914983547)
[19:35:34] [Server thread/INFO]: lunerva joined the game
[19:36:01] [Server thread/WARN]: Can't keep up! Did the system time change, or is the server overloaded? Running 2584ms behind, skipping 51 tick(s)
[19:37:14] [Server thread/INFO]: Saving and pausing game...
[19:37:14] [Server thread/INFO]: Saving chunks for level 'New World'/Overworld
[19:37:14] [Server thread/INFO]: Saving chunks for level 'New World'/Nether
[19:37:14] [Server thread/INFO]: Saving chunks for level 'New World'/The End
[19:37:16] [Server thread/INFO]: Stopping server
[19:37:16] [Server thread/INFO]: Saving players
[19:37:16] [Server thread/INFO]: Saving worlds
[19:37:16] [Server thread/INFO]: Saving chunks for level 'New World'/Overworld
[19:37:16] [Server thread/INFO]: Saving chunks for level 'New World'/Nether
[19:37:16] [Server thread/INFO]: Saving chunks for level 'New World'/The End
[19:37:17] [Client thread/INFO]: Stopping!
[19:37:17] [Client thread/INFO]: SoundSystem shutting down...
[19:37:17] [Client thread/WARN]: Author: Paul Lamb, www.paulscode.com
